// Jest Snapshot v1, https://goo.gl/fbAQLP

exports[`render correctly 1`] = `
<div
  style={
    Object {
      "textAlign": "center",
    }
  }
>
  <h1>
    Добро пожаловать!
  </h1>
  <p>
    Для просмотра информации вам необходимо зарегистрироваться или авторизоваться
  </p>
  <div
    className="ant-space ant-space-horizontal ant-space-align-center"
    style={Object {}}
  >
    <div
      className="ant-space-item"
      style={
        Object {
          "marginRight": 8,
        }
      }
    >
      <button
        className="ant-btn ant-btn-primary"
        onClick={[Function]}
        type="button"
      >
        <span>
          Вход
        </span>
      </button>
    </div>
    <div
      className="ant-space-item"
      style={Object {}}
    >
      <button
        className="ant-btn"
        onClick={[Function]}
        type="button"
      >
        <span>
          Зарегистрироваться
        </span>
      </button>
    </div>
  </div>
</div>
`;
